// Jest Snapshot v1, https://goo.gl/fbAQLP

exports[`footer Should render correctly 1`] = `
<DocumentFragment>
  <div
    class="header"
  >
    <h1
      class="header-text"
    >
      EVENTIFY
    </h1>
  </div>
</DocumentFragment>
`;

exports[`header Should render correctly 1`] = `
<DocumentFragment>
  <div
    class="header"
  >
    <h1
      class="header-text"
    >
      EVENTIFY
    </h1>
  </div>
</DocumentFragment>
`;
