// Jest Snapshot v1, https://goo.gl/fbAQLP

exports[`footer Should render correctly 1`] = `
<DocumentFragment>
  <div
    class="footer"
  >
    <h2>
      THEMES
    </h2>
    <div
      class="pink"
    />
    <div
      class="blue"
    />
    <div
      class="gray"
    />
  </div>
</DocumentFragment>
`;

exports[`navbar Should render correctly 1`] = `
<DocumentFragment>
  <div
    class="footer"
  >
    <h2>
      THEMES
    </h2>
    <div
      class="pink"
    />
    <div
      class="blue"
    />
    <div
      class="gray"
    />
  </div>
</DocumentFragment>
`;
